 boot: Loaded app from partitio�ESP-ROM:esp32s3-20210327
Build:Mar 27 2021
rst:0x1 (POWERON),boot:0x8 (SPI_FAST_FLASH_BOOT)
SPIWP:0xee
mode:DIO, clock div:1
load:0x3fce2810,len:0x15a0
load:0x403c8700,len:0x4
load:0x403c8704,len:0xd20
load:0x403cb700,len:0x2f00
entry 0x403c8928
[0;32mI (27) boot: ESP-IDF v5.4.1-dirty 2nd stage bootloader[0m
[0;32mI (27) boot: compile time Mar 22 2026 12:28:23[0m
[0;32mI (27) boot: Multicore bootloader[0m
[0;32mI (28) boot: chip revision: v0.2[0m
[0;32mI (30) boot: efuse block revision: v1.3[0m
[0;32mI (34) boot.esp32s3: Boot SPI Speed : 80MHz[0m
[0;32mI (38) boot.esp32s3: SPI Mode       : DIO[0m
[0;32mI (42) boot.esp32s3: SPI Flash Size : 2MB[0m
[0;32mI (45) boot: Enabling RNG early entropy source...[0m
[0;32mI (50) boot: Partition Table:[0m
[0;32mI (52) boot: ## Label            Usage          Type ST Offset   Length[0m
[0;32mI (59) boot:  0 nvs              WiFi data        01 02 00009000 00006000[0m
[0;32mI (65) boot:  1 phy_init         RF data          01 01 0000f000 00001000[0m
[0;32mI (72) boot:  2 factory          factory app      00 00 00010000 00100000[0m
[0;32mI (78) boot: End of partition table[0m
[0;32mI (82) esp_image: segment 0: paddr=00010020 vaddr=3c020020 size=0bca0h ( 48288) map[0m
[0;32mI (98) esp_image: segment 1: paddr=0001bcc8 vaddr=3fc93b00 size=02cb4h ( 11444) load[0m
[0;32mI (100) esp_image: segment 2: paddr=0001e984 vaddr=40374000 size=01694h (  5780) load[0m
[0;32mI (105) esp_image: segment 3: paddr=00020020 vaddr=42000020 size=1b678h (112248) map[0m
[0;32mI (131) esp_image: segment 4: paddr=0003b6a0 vaddr=40375694 size=0e45ch ( 58460) load[0m
[0;32mI (144) esp_image: segment 5: paddr=00049b04 vaddr=600fe100 size=0001ch (    28) load[0m
[0;32mI (150) boot: Loaded app from partition at offset 0x10000[0m
[0;32mI (151) boot: Disabling RNG early entropy source...[0m
[0;32mI (162) cpu_start: Multicore app[0m
[0;32mI (171) cpu_start: Pro cpu start user code[0m
[0;32mI (171) cpu_start: cpu freq: 160000000 Hz[0m
[0;32mI (171) app_init: Application information:[0m
[0;32mI (171) app_init: Project name:     blink[0m
[0;32mI (175) app_init: App version:      6e5d6f8-dirty[0m
[0;32mI (179) app_init: Compile time:     Mar 22 2026 12:28:16[0m
[0;32mI (184) app_init: ELF file SHA256:  7d09a6534...[0m
[0;32mI (189) app_init: ESP-IDF:          v5.4.1-dirty[0m
[0;32mI (193) efuse_init: Min chip rev:     v0.0[0m
[0;32mI (197) efuse_init: Max chip rev:     v0.99 [0m
[0;32mI (201) efuse_init: Chip rev:         v0.2[0m
[0;32mI (205) heap_init: Initializing. RAM available for dynamic allocation:[0m
[0;32mI (211) heap_init: At 3FC97090 len 00052680 (329 KiB): RAM[0m
[0;32mI (216) heap_init: At 3FCE9710 len 00005724 (21 KiB): RAM[0m
[0;32mI (221) heap_init: At 3FCF0000 len 00008000 (32 KiB): DRAM[0m
[0;32mI (226) heap_init: At 600FE11C len 00001ECC (7 KiB): RTCRAM[0m
[0;32mI (233) spi_flash: detected chip: boya[0m
[0;32mI (235) spi_flash: flash io: dio[0m
[0;33mW (238) spi_flash: Detected size(16384k) larger than the size in the binary image header(2048k). Using the size in the binary image header.[0m
[0;32mI (250) sleep_gpio: Configure to isolate all GPIO pins in sleep state[0m
[0;32mI (257) sleep_gpio: Enable automatic switching of GPIO sleep configuration[0m
[0;32mI (264) main_task: Started on CPU0[0m
[0;32mI (284) main_task: Calling app_main()[0m
[0;32mI (284) example: Example configured to blink addressable LED![0m
[0;32mI (284) example: Turning the LED OFF![0m
[0;32mI (1284) example: Turning the LED ON![0m
[0;32mI (2284) example: Turning the LED OFF![0m
[0;32mI (3284) example: Turning the LED ON![0m
[0;32mI (4284) example: Turning the LED OFF![0m
[0;32mI (5284) example: Turning the LED ON![0m
[0;32mI (6284) example: Turning the LED OFF![0m
[0;32mI (7284) example: Turning the LED ON![0m
[0;32mI (8284) example: Turning the LED OFF![0m
[0;32mI (9284) example: Turning the LED ON![0m
[0;32mI (10284) example: Turning the LED OFF![0m
[0;32mI (11284) example: Turning the LED ON![0m
[0;32mI (12284) example: Turning the LED OFF![0m
[0;32mI (13284) example: Turning the LED ON![0m
[0;32mI (14284) example: Turning the LED OFF![0m
[0;32mI (15284) example: Turning the LED ON![0m
[0;32mI (16284) example: Turning the LED OFF![0m
[0;32mI (17284) example: Turning the LED ON![0m
[0;32mI (18284) example: Turning the LED OFF![0m
[0;32mI (19284) example: Turning the LED ON![0m
[0;32mI (20284) example: Turning the LED OFF![0m
